main.c:85:6:clear7SEG	8	static
main.c:94:6:display7SEG	16	static
main.c:104:6:update7SEG	16	static
main.c:132:6:updateClockBuffer	4	static
main.c:139:6:displayLEDMatrix	16	static
main.c:149:6:updateLEDMatrix	16	static
main.c:188:6:shiftCharRight	24	static
main.c:194:6:resetA	16	static
main.c:201:6:isemptycharA	24	static
main.c:210:6:displayShiftedA	16	static
main.c:227:5:main	8	static
main.c:319:6:SystemClock_Config	72	static
main.c:355:13:MX_TIM2_Init	32	static
main.c:400:13:MX_GPIO_Init	32	static
main.c:449:6:HAL_TIM_PeriodElapsedCallback	16	static
main.c:459:6:Error_Handler	4	static,ignoring_inline_asm
